../Drivers/CMSIS/Include/core_cm3.h:1876:26:ITM_SendChar	16	static,ignoring_inline_asm
../Core/Src/main.c:85:6:myTask1	24	static
../Core/Src/main.c:102:6:myTask2	24	static
../Core/Src/main.c:119:6:myTask3	16	static
../Core/Src/main.c:133:5:main	16	static
../Core/Src/main.c:213:6:SystemClock_Config	80	static
../Core/Src/main.c:255:13:MX_USART2_UART_Init	8	static
../Core/Src/main.c:288:13:MX_GPIO_Init	48	static
../Core/Src/main.c:317:5:_write	32	static
../Core/Src/main.c:339:6:HAL_TIM_PeriodElapsedCallback	16	static
../Core/Src/main.c:356:6:Error_Handler	4	static,ignoring_inline_asm
