../Drivers/CMSIS/Include/core_cm3.h:1876:26:ITM_SendChar	16	static,ignoring_inline_asm
../Core/Src/main.c:82:6:myTask1	24	static
../Core/Src/main.c:99:6:myTask2	24	static
../Core/Src/main.c:116:6:myTask3	16	static
../Core/Src/main.c:130:5:main	16	static
../Core/Src/main.c:207:6:SystemClock_Config	80	static
../Core/Src/main.c:249:13:MX_USART2_UART_Init	8	static
../Core/Src/main.c:282:13:MX_GPIO_Init	48	static
../Core/Src/main.c:311:5:_write	32	static
../Core/Src/main.c:333:6:HAL_TIM_PeriodElapsedCallback	16	static
../Core/Src/main.c:350:6:Error_Handler	4	static,ignoring_inline_asm
