../Drivers/CMSIS/Include/core_cm3.h:1876:26:ITM_SendChar	16	static,ignoring_inline_asm
../Core/Src/main.c:72:6:myTask1	16	static
../Core/Src/main.c:81:6:myTask2	16	static
../Core/Src/main.c:94:5:main	16	static
../Core/Src/main.c:169:6:SystemClock_Config	80	static
../Core/Src/main.c:211:13:MX_USART2_UART_Init	8	static
../Core/Src/main.c:244:13:MX_GPIO_Init	48	static
../Core/Src/main.c:273:5:_write	32	static
../Core/Src/main.c:295:6:HAL_TIM_PeriodElapsedCallback	16	static
../Core/Src/main.c:312:6:Error_Handler	4	static,ignoring_inline_asm
