../Drivers/CMSIS/Include/core_cm3.h:1876:26:ITM_SendChar	16	static,ignoring_inline_asm
../Core/Src/main.c:69:6:myTask1	56	static
../Core/Src/main.c:93:6:myTask2	56	static
../Core/Src/main.c:119:5:main	16	static
../Core/Src/main.c:193:6:SystemClock_Config	80	static
../Core/Src/main.c:235:13:MX_USART2_UART_Init	8	static
../Core/Src/main.c:268:13:MX_GPIO_Init	48	static
../Core/Src/main.c:297:5:_write	32	static
../Core/Src/main.c:317:6:StartDefaultTask	16	static
../Core/Src/main.c:336:6:HAL_TIM_PeriodElapsedCallback	16	static
../Core/Src/main.c:353:6:Error_Handler	4	static,ignoring_inline_asm
