../Drivers/CMSIS/Include/core_cm3.h:1876:26:ITM_SendChar	16	static,ignoring_inline_asm
../Core/Src/main.c:97:6:tache_arrivee	80	static
../Core/Src/main.c:120:6:affiche_message	40	static
../Core/Src/main.c:132:6:tache_lecture_rapide	32	static
../Core/Src/main.c:168:6:tache_depart_national	24	static
../Core/Src/main.c:179:6:tache_depart_international	24	static
../Core/Src/main.c:190:6:tache_relecture	24	static
../Core/Src/main.c:216:5:main	16	static
../Core/Src/main.c:307:6:SystemClock_Config	80	static
../Core/Src/main.c:349:13:MX_USART2_UART_Init	8	static
../Core/Src/main.c:382:13:MX_GPIO_Init	48	static
../Core/Src/main.c:411:5:_write	32	static
../Core/Src/main.c:431:6:StartDefaultTask	16	static
../Core/Src/main.c:450:6:HAL_TIM_PeriodElapsedCallback	16	static
../Core/Src/main.c:467:6:Error_Handler	4	static,ignoring_inline_asm
