../Drivers/CMSIS/Include/core_cm3.h:1876:26:ITM_SendChar	16	static,ignoring_inline_asm
../Core/Src/main.c:78:6:myTask	24	static
../Core/Src/main.c:98:5:main	16	static
../Core/Src/main.c:174:6:SystemClock_Config	80	static
../Core/Src/main.c:216:13:MX_USART2_UART_Init	8	static
../Core/Src/main.c:249:13:MX_GPIO_Init	48	static
../Core/Src/main.c:278:5:_write	32	static
../Core/Src/main.c:289:6:vApplicationIdleHook	4	static
../Core/Src/main.c:304:6:HAL_TIM_PeriodElapsedCallback	16	static
../Core/Src/main.c:321:6:Error_Handler	4	static,ignoring_inline_asm
